------------------------------------------------------------
Timing Analyzer Summary
------------------------------------------------------------

Type  : Slow 1100mV 100C Model Setup 'i_clk'
Slack : -2.734
TNS   : -99.953

Type  : Slow 1100mV 100C Model Hold 'i_clk'
Slack : 0.240
TNS   : 0.000

Type  : Slow 1100mV 100C Model Minimum Pulse Width 'i_clk'
Slack : -0.538
TNS   : -33.057

Type  : Slow 1100mV -40C Model Setup 'i_clk'
Slack : -2.745
TNS   : -100.807

Type  : Slow 1100mV -40C Model Hold 'i_clk'
Slack : 0.226
TNS   : 0.000

Type  : Slow 1100mV -40C Model Minimum Pulse Width 'i_clk'
Slack : -0.538
TNS   : -35.317

Type  : Fast 1100mV 100C Model Setup 'i_clk'
Slack : -0.889
TNS   : -28.638

Type  : Fast 1100mV 100C Model Hold 'i_clk'
Slack : 0.135
TNS   : 0.000

Type  : Fast 1100mV 100C Model Minimum Pulse Width 'i_clk'
Slack : -0.094
TNS   : -3.760

Type  : Fast 1100mV -40C Model Setup 'i_clk'
Slack : -0.677
TNS   : -21.347

Type  : Fast 1100mV -40C Model Hold 'i_clk'
Slack : 0.122
TNS   : 0.000

Type  : Fast 1100mV -40C Model Minimum Pulse Width 'i_clk'
Slack : -0.090
TNS   : -3.696

------------------------------------------------------------
